#
# There is insufficient memory for the Java Runtime Environment to continue.
# Native memory allocation (malloc) failed to allocate 1048576 bytes. Error detail: AllocateHeap
# Possible reasons:
#   The system is out of physical RAM or swap space
#   This process is running with CompressedOops enabled, and the Java Heap may be blocking the growth of the native heap
# Possible solutions:
#   Reduce memory load on the system
#   Increase physical memory or swap space
#   Check if swap backing store is full
#   Decrease Java heap size (-Xmx/-Xms)
#   Decrease number of Java threads
#   Decrease Java thread stack sizes (-Xss)
#   Set larger code cache with -XX:ReservedCodeCacheSize=
#   JVM is running with Unscaled Compressed Oops mode in which the Java heap is
#     placed in the first 4GB address space. The Java Heap base address is the
#     maximum limit for the native heap growth. Please use -XX:HeapBaseMinAddress
#     to set the Java Heap base and to place the Java Heap above 4GB virtual address.
# This output file may be truncated or incomplete.
#
#  Out of Memory Error (allocation.cpp:44), pid=11176, tid=13272
#
# JRE version: OpenJDK Runtime Environment Temurin-21.0.9+10 (21.0.9+10) (build 21.0.9+10-LTS)
# Java VM: OpenJDK 64-Bit Server VM Temurin-21.0.9+10 (21.0.9+10-LTS, mixed mode, sharing, tiered, compressed oops, compressed class ptrs, parallel gc, windows-amd64)
# No core dump will be written. Minidumps are not enabled by default on client versions of Windows
#

---------------  S U M M A R Y ------------

Command Line: --add-modules=ALL-SYSTEM --add-opens=java.base/java.util=ALL-UNNAMED --add-opens=java.base/java.lang=ALL-UNNAMED --add-opens=java.base/sun.nio.fs=ALL-UNNAMED -Declipse.application=org.eclipse.jdt.ls.core.id1 -Dosgi.bundles.defaultStartLevel=4 -Declipse.product=org.eclipse.jdt.ls.core.product -Djava.import.generatesMetadataFilesAtProjectRoot=false -DDetectVMInstallationsJob.disabled=true -Dfile.encoding=utf8 -XX:+UseParallelGC -XX:GCTimeRatio=4 -XX:AdaptiveSizePolicyWeight=90 -Dsun.zip.disableMemoryMapping=true -Xmx2G -Xms100m -Xlog:disable -javaagent:c:\Users\91834\.antigravity\extensions\redhat.java-1.49.0-win32-x64\lombok\lombok-1.18.39-4050.jar -XX:+HeapDumpOnOutOfMemoryError -XX:HeapDumpPath=c:\Users\91834\AppData\Roaming\Antigravity\User\workspaceStorage\d30b025f60f257c451756037ad4f8bb1\redhat.java -Daether.dependencyCollector.impl=bf c:\Users\91834\.antigravity\extensions\redhat.java-1.49.0-win32-x64\server\plugins\org.eclipse.equinox.launcher_1.7.100.v20251111-0406.jar -configuration c:\Users\91834\AppData\Roaming\Antigravity\User\globalStorage\redhat.java\1.49.0\config_win -data c:\Users\91834\AppData\Roaming\Antigravity\User\workspaceStorage\d30b025f60f257c451756037ad4f8bb1\redhat.java\jdt_ws --pipe=\\.\pipe\lsp-81141af102c227e97a338986d6be42cc-sock

Host: 11th Gen Intel(R) Core(TM) i3-1115G4 @ 3.00GHz, 4 cores, 7G,  Windows 11 , 64 bit Build 26100 (10.0.26100.7019)
Time: Wed Nov 26 16:56:34 2025 India Standard Time elapsed time: 5400.187982 seconds (0d 1h 30m 0s)

---------------  T H R E A D  ---------------

Current thread (0x000001c160333630):  JavaThread "Attach Listener" daemon [_thread_in_vm, id=13272, stack(0x00000024ba300000,0x00000024ba400000) (1024K)]

Stack: [0x00000024ba300000,0x00000024ba400000]
Native frames: (J=compiled Java code, j=interpreted, Vv=VM code, C=native code)
V  [jvm.dll+0x6d6e29]
V  [jvm.dll+0x8b4b76]
V  [jvm.dll+0x8b712e]
V  [jvm.dll+0x8b7813]
V  [jvm.dll+0x283d86]
V  [jvm.dll+0xc1277]
V  [jvm.dll+0x6d76d9]
V  [jvm.dll+0x133466]
V  [jvm.dll+0x3f7ea6]
V  [jvm.dll+0x85e9ad]
V  [jvm.dll+0x6d565d]
C  [ucrtbase.dll+0x37b0]
C  [KERNEL32.DLL+0x2e8d7]
C  [ntdll.dll+0x8c53c]


---------------  P R O C E S S  ---------------

Threads class SMR info:
_java_thread_list=0x000001c166593d40, length=31, elements={
0x000001c147a1c060, 0x000001c160329a60, 0x000001c16032db80, 0x000001c160330450,
0x000001c160333630, 0x000001c160336090, 0x000001c160336ae0, 0x000001c160337910,
0x000001c1603ad940, 0x000001c161243a80, 0x000001c1613d45f0, 0x000001c1618cfe50,
0x000001c161974710, 0x000001c1615f21d0, 0x000001c1615f2830, 0x000001c1603c7ba0,
0x000001c1660a4ce0, 0x000001c1616e1490, 0x000001c1603dd1c0, 0x000001c16132b4d0,
0x000001c161329400, 0x000001c16132a7b0, 0x000001c16132ae40, 0x000001c167f1fea0,
0x000001c167f20530, 0x000001c167f20bc0, 0x000001c167f1f180, 0x000001c167f21250,
0x000001c167f1f810, 0x000001c167f21f70, 0x000001c169ff2380
}

Java Threads: ( => current thread )
  0x000001c147a1c060 JavaThread "main"                              [_thread_blocked, id=8048, stack(0x00000024b9b00000,0x00000024b9c00000) (1024K)]
  0x000001c160329a60 JavaThread "Reference Handler"          daemon [_thread_blocked, id=12764, stack(0x00000024ba000000,0x00000024ba100000) (1024K)]
  0x000001c16032db80 JavaThread "Finalizer"                  daemon [_thread_blocked, id=2760, stack(0x00000024ba100000,0x00000024ba200000) (1024K)]
  0x000001c160330450 JavaThread "Signal Dispatcher"          daemon [_thread_blocked, id=9364, stack(0x00000024ba200000,0x00000024ba300000) (1024K)]
=>0x000001c160333630 JavaThread "Attach Listener"            daemon [_thread_in_vm, id=13272, stack(0x00000024ba300000,0x00000024ba400000) (1024K)]
  0x000001c160336090 JavaThread "Service Thread"             daemon [_thread_blocked, id=12680, stack(0x00000024ba400000,0x00000024ba500000) (1024K)]
  0x000001c160336ae0 JavaThread "Monitor Deflation Thread"   daemon [_thread_blocked, id=12064, stack(0x00000024ba500000,0x00000024ba600000) (1024K)]
  0x000001c160337910 JavaThread "C2 CompilerThread0"         daemon [_thread_blocked, id=8032, stack(0x00000024ba600000,0x00000024ba700000) (1024K)]
  0x000001c1603ad940 JavaThread "C1 CompilerThread0"         daemon [_thread_blocked, id=2464, stack(0x00000024ba700000,0x00000024ba800000) (1024K)]
  0x000001c161243a80 JavaThread "Common-Cleaner"             daemon [_thread_blocked, id=1588, stack(0x00000024ba800000,0x00000024ba900000) (1024K)]
  0x000001c1613d45f0 JavaThread "Notification Thread"        daemon [_thread_blocked, id=5904, stack(0x00000024ba900000,0x00000024baa00000) (1024K)]
  0x000001c1618cfe50 JavaThread "Active Thread: Equinox Container: 400b74dc-124c-4cf2-a4f2-c6586271100e"        [_thread_blocked, id=15576, stack(0x00000024bae00000,0x00000024baf00000) (1024K)]
  0x000001c161974710 JavaThread "Refresh Thread: Equinox Container: 400b74dc-124c-4cf2-a4f2-c6586271100e" daemon [_thread_blocked, id=16632, stack(0x00000024baf00000,0x00000024bb000000) (1024K)]
  0x000001c1615f21d0 JavaThread "Framework Event Dispatcher: Equinox Container: 400b74dc-124c-4cf2-a4f2-c6586271100e" daemon [_thread_blocked, id=16640, stack(0x00000024bb000000,0x00000024bb100000) (1024K)]
  0x000001c1615f2830 JavaThread "Start Level: Equinox Container: 400b74dc-124c-4cf2-a4f2-c6586271100e" daemon [_thread_blocked, id=16644, stack(0x00000024bb100000,0x00000024bb200000) (1024K)]
  0x000001c1603c7ba0 JavaThread "Bundle File Closer"         daemon [_thread_blocked, id=16920, stack(0x00000024bb200000,0x00000024bb300000) (1024K)]
  0x000001c1660a4ce0 JavaThread "SCR Component Actor"        daemon [_thread_blocked, id=2276, stack(0x00000024b9c00000,0x00000024b9d00000) (1024K)]
  0x000001c1616e1490 JavaThread "Worker-JM"                         [_thread_blocked, id=2912, stack(0x00000024bb300000,0x00000024bb400000) (1024K)]
  0x000001c1603dd1c0 JavaThread "JNA Cleaner"                daemon [_thread_blocked, id=1052, stack(0x00000024bb500000,0x00000024bb600000) (1024K)]
  0x000001c16132b4d0 JavaThread "Worker-0"                          [_thread_blocked, id=4892, stack(0x00000024bb600000,0x00000024bb700000) (1024K)]
  0x000001c161329400 JavaThread "Java indexing"              daemon [_thread_blocked, id=8108, stack(0x00000024bb900000,0x00000024bba00000) (1024K)]
  0x000001c16132a7b0 JavaThread "Thread-1"                   daemon [_thread_in_native, id=8088, stack(0x00000024bbe00000,0x00000024bbf00000) (1024K)]
  0x000001c16132ae40 JavaThread "Thread-2"                   daemon [_thread_in_native, id=7740, stack(0x00000024bbf00000,0x00000024bc000000) (1024K)]
  0x000001c167f1fea0 JavaThread "Thread-3"                   daemon [_thread_in_native, id=3156, stack(0x00000024bc000000,0x00000024bc100000) (1024K)]
  0x000001c167f20530 JavaThread "Thread-4"                   daemon [_thread_in_native, id=5944, stack(0x00000024bc100000,0x00000024bc200000) (1024K)]
  0x000001c167f20bc0 JavaThread "Thread-5"                   daemon [_thread_in_native, id=3204, stack(0x00000024bc200000,0x00000024bc300000) (1024K)]
  0x000001c167f1f180 JavaThread "pool-2-thread-1"                   [_thread_blocked, id=15568, stack(0x00000024bc300000,0x00000024bc400000) (1024K)]
  0x000001c167f21250 JavaThread "WorkspaceEventsHandler"            [_thread_blocked, id=3788, stack(0x00000024bc400000,0x00000024bc500000) (1024K)]
  0x000001c167f1f810 JavaThread "pool-1-thread-1"                   [_thread_blocked, id=8092, stack(0x00000024bc500000,0x00000024bc600000) (1024K)]
  0x000001c167f21f70 JavaThread "Worker-5"                          [_thread_blocked, id=3912, stack(0x00000024bbc00000,0x00000024bbd00000) (1024K)]
  0x000001c169ff2380 JavaThread "Cleaner-0"                  daemon [_thread_blocked, id=9948, stack(0x00000024bb700000,0x00000024bb800000) (1024K)]
Total: 31

Other Threads:
  0x000001c147adbf50 VMThread "VM Thread"                           [id=10400, stack(0x00000024b9f00000,0x00000024ba000000) (1024K)]
  0x000001c147a88f50 WatcherThread "VM Periodic Task Thread"        [id=14280, stack(0x00000024b9e00000,0x00000024b9f00000) (1024K)]
  0x000001c147a3a370 WorkerThread "GC Thread#0"                     [id=13824, stack(0x00000024b9d00000,0x00000024b9e00000) (1024K)]
  0x000001c1613f5a70 WorkerThread "GC Thread#1"                     [id=4420, stack(0x00000024baa00000,0x00000024bab00000) (1024K)]
  0x000001c16160d580 WorkerThread "GC Thread#2"                     [id=14720, stack(0x00000024bab00000,0x00000024bac00000) (1024K)]
  0x000001c161b8c850 WorkerThread "GC Thread#3"                     [id=9068, stack(0x00000024bac00000,0x00000024bad00000) (1024K)]
Total: 6

Threads with active compile tasks:
Total: 0

VM state: not at safepoint (normal execution)

VM Mutex/Monitor currently owned by a thread: None

Heap address: 0x0000000080000000, size: 2048 MB, Compressed Oops mode: 32-bit

CDS archive(s) mapped at: [0x000001c100000000-0x000001c100ba0000-0x000001c100ba0000), size 12189696, SharedBaseAddress: 0x000001c100000000, ArchiveRelocationMode: 1.
Compressed class space mapped at: 0x000001c101000000-0x000001c141000000, reserved size: 1073741824
Narrow klass base: 0x000001c100000000, Narrow klass shift: 0, Narrow klass range: 0x100000000

GC Precious Log:
 CardTable entry size: 512
 CPUs: 4 total, 4 available
 Memory: 7975M
 Large Page Support: Disabled
 NUMA Support: Disabled
 Compressed Oops: Enabled (32-bit)
 Alignments: Space 512K, Generation 512K, Heap 2M
 Heap Min Capacity: 100M
 Heap Initial Capacity: 100M
 Heap Max Capacity: 2G
 Pre-touch: Disabled
 Parallel Workers: 4

Heap:
 PSYoungGen      total 3072K, used 1254K [0x00000000d5580000, 0x00000000d5900000, 0x0000000100000000)
  eden space 2560K, 33% used [0x00000000d5580000,0x00000000d5659860,0x00000000d5800000)
  from space 512K, 75% used [0x00000000d5800000,0x00000000d5860000,0x00000000d5880000)
  to   space 512K, 0% used [0x00000000d5880000,0x00000000d5880000,0x00000000d5900000)
 ParOldGen       total 169984K, used 169931K [0x0000000080000000, 0x000000008a600000, 0x00000000d5580000)
  object space 169984K, 99% used [0x0000000080000000,0x000000008a5f2dd0,0x000000008a600000)
 Metaspace       used 72331K, committed 73856K, reserved 1179648K
  class space    used 7255K, committed 7872K, reserved 1048576K

Card table byte_map: [0x000001c15b700000,0x000001c15bb10000] _byte_map_base: 0x000001c15b300000

Marking Bits: (ParMarkBitMap*) 0x00007ff81ebe2460
 Begin Bits: [0x000001c15bdc0000, 0x000001c15ddc0000)
 End Bits:   [0x000001c15ddc0000, 0x000001c15fdc0000)

Polling page: 0x000001c147af0000

Metaspace:

Usage:
  Non-class:     63.55 MB used.
      Class:      7.09 MB used.
       Both:     70.64 MB used.

Virtual space:
  Non-class space:      128.00 MB reserved,      64.44 MB ( 50%) committed,  2 nodes.
      Class space:        1.00 GB reserved,       7.69 MB ( <1%) committed,  1 nodes.
             Both:        1.12 GB reserved,      72.12 MB (  6%) committed. 

Chunk freelists:
   Non-Class:  15.50 MB
       Class:  8.16 MB
        Both:  23.66 MB

MaxMetaspaceSize: unlimited
CompressedClassSpaceSize: 1.00 GB
Initial GC threshold: 21.00 MB
Current GC threshold: 97.31 MB
CDS: on
 - commit_granule_bytes: 65536.
 - commit_granule_words: 8192.
 - virtual_space_node_default_size: 8388608.
 - enlarge_chunks_in_place: 1.
 - use_allocation_guard: 0.


Internal statistics:

num_allocs_failed_limit: 9.
num_arena_births: 1422.
num_arena_deaths: 14.
num_vsnodes_births: 3.
num_vsnodes_deaths: 0.
num_space_committed: 1154.
num_space_uncommitted: 0.
num_chunks_returned_to_freelist: 23.
num_chunks_taken_from_freelist: 4909.
num_chunk_merges: 15.
num_chunk_splits: 3012.
num_chunks_enlarged: 1717.
num_inconsistent_stats: 0.

CodeHeap 'non-profiled nmethods': size=120000Kb used=13328Kb max_used=13328Kb free=106671Kb
 bounds [0x000001c153fe0000, 0x000001c154cf0000, 0x000001c15b510000]
CodeHeap 'profiled nmethods': size=120000Kb used=37975Kb max_used=37975Kb free=82024Kb
 bounds [0x000001c14c510000, 0x000001c14ea30000, 0x000001c153a40000]
CodeHeap 'non-nmethods': size=5760Kb used=1471Kb max_used=1571Kb free=4289Kb
 bounds [0x000001c153a40000, 0x000001c153cb0000, 0x000001c153fe0000]
CodeCache: size=245760Kb, used=52774Kb, max_used=52874Kb, free=192984Kb
 total_blobs=16130, nmethods=15352, adapters=681, full_count=0
Compilation: enabled, stopped_count=0, restarted_count=0

Compilation events (20 events):
Event: 3249.760 Thread 0x000001c1603ad940 16153   !   3       org.eclipse.core.internal.jobs.JobManager::sleepHint (67 bytes)
Event: 3249.761 Thread 0x000001c1603ad940 nmethod 16153 0x000001c14ea20810 code [0x000001c14ea20a80, 0x000001c14ea21550]
Event: 3426.202 Thread 0x000001c1603ad940 16154       1       org.eclipse.osgi.internal.location.BasicLocation::isReadOnly (5 bytes)
Event: 3426.203 Thread 0x000001c1603ad940 nmethod 16154 0x000001c154ce3710 code [0x000001c154ce38a0, 0x000001c154ce3970]
Event: 3913.593 Thread 0x000001c1603ad940 16155       1       com.sun.jna.internal.Cleaner::access$200 (5 bytes)
Event: 3913.594 Thread 0x000001c1603ad940 nmethod 16155 0x000001c154ce3a10 code [0x000001c154ce3ba0, 0x000001c154ce3c50]
Event: 3917.093 Thread 0x000001c1603ad940 16156       3       org.eclipse.jdt.ls.core.internal.ParentProcessWatcher::parentProcessStillRunning (62 bytes)
Event: 3917.100 Thread 0x000001c1603ad940 nmethod 16156 0x000001c14ea21a10 code [0x000001c14ea21c40, 0x000001c14ea22328]
Event: 4209.780 Thread 0x000001c1603ad940 16157  s!   3       org.eclipse.core.internal.jobs.WorkerPool::sleep (124 bytes)
Event: 4209.791 Thread 0x000001c1603ad940 nmethod 16157 0x000001c14ea22590 code [0x000001c14ea227a0, 0x000001c14ea22cb8]
Event: 4243.708 Thread 0x000001c1603ad940 16158   !   3       java.lang.ref.ReferenceQueue::remove (61 bytes)
Event: 4243.764 Thread 0x000001c1603ad940 nmethod 16158 0x000001c14ea22e90 code [0x000001c14ea23120, 0x000001c14ea23ca8]
Event: 4450.635 Thread 0x000001c1603ad940 16160       3       java.util.concurrent.locks.AbstractQueuedSynchronizer$ConditionObject::await (202 bytes)
Event: 4450.664 Thread 0x000001c1603ad940 nmethod 16160 0x000001c14ea24090 code [0x000001c14ea24380, 0x000001c14ea251b0]
Event: 4492.516 Thread 0x000001c1603ad940 16161       3       java.lang.ref.ReferenceQueue::await (15 bytes)
Event: 4492.528 Thread 0x000001c1603ad940 nmethod 16161 0x000001c14ea25790 code [0x000001c14ea25940, 0x000001c14ea25ae0]
Event: 4693.847 Thread 0x000001c160337910 16162       4       java.util.concurrent.TimeUnit::toNanos (45 bytes)
Event: 4693.856 Thread 0x000001c160337910 nmethod 16162 0x000001c154ce3d10 code [0x000001c154ce3ea0, 0x000001c154ce3f98]
Event: 4869.757 Thread 0x000001c1603ad940 16163       3       java.util.HashMap$Node::setValue (12 bytes)
Event: 4869.758 Thread 0x000001c1603ad940 nmethod 16163 0x000001c14ea25c10 code [0x000001c14ea25da0, 0x000001c14ea25ec8]

GC Heap History (20 events):
Event: 2812.568 GC heap before
{Heap before GC invocations=359 (full 3):
 PSYoungGen      total 3072K, used 2196K [0x00000000d5580000, 0x00000000d5900000, 0x0000000100000000)
  eden space 2048K, 100% used [0x00000000d5580000,0x00000000d5780000,0x00000000d5780000)
  from space 1024K, 14% used [0x00000000d5780000,0x00000000d57a5200,0x00000000d5880000)
  to   space 512K, 0% used [0x00000000d5880000,0x00000000d5880000,0x00000000d5900000)
 ParOldGen       total 167936K, used 167804K [0x0000000080000000, 0x000000008a400000, 0x00000000d5580000)
  object space 167936K, 99% used [0x0000000080000000,0x000000008a3df0b0,0x000000008a400000)
 Metaspace       used 72166K, committed 73664K, reserved 1179648K
  class space    used 7244K, committed 7872K, reserved 1048576K
}
Event: 2812.570 GC heap after
{Heap after GC invocations=359 (full 3):
 PSYoungGen      total 2560K, used 160K [0x00000000d5580000, 0x00000000d5900000, 0x0000000100000000)
  eden space 2048K, 0% used [0x00000000d5580000,0x00000000d5580000,0x00000000d5780000)
  from space 512K, 31% used [0x00000000d5880000,0x00000000d58a8000,0x00000000d5900000)
  to   space 512K, 0% used [0x00000000d5800000,0x00000000d5800000,0x00000000d5880000)
 ParOldGen       total 167936K, used 167912K [0x0000000080000000, 0x000000008a400000, 0x00000000d5580000)
  object space 167936K, 99% used [0x0000000080000000,0x000000008a3fa2b0,0x000000008a400000)
 Metaspace       used 72166K, committed 73664K, reserved 1179648K
  class space    used 7244K, committed 7872K, reserved 1048576K
}
Event: 2812.575 GC heap before
{Heap before GC invocations=360 (full 3):
 PSYoungGen      total 2560K, used 2208K [0x00000000d5580000, 0x00000000d5900000, 0x0000000100000000)
  eden space 2048K, 100% used [0x00000000d5580000,0x00000000d5780000,0x00000000d5780000)
  from space 512K, 31% used [0x00000000d5880000,0x00000000d58a8000,0x00000000d5900000)
  to   space 512K, 0% used [0x00000000d5800000,0x00000000d5800000,0x00000000d5880000)
 ParOldGen       total 167936K, used 167912K [0x0000000080000000, 0x000000008a400000, 0x00000000d5580000)
  object space 167936K, 99% used [0x0000000080000000,0x000000008a3fa2b0,0x000000008a400000)
 Metaspace       used 72177K, committed 73664K, reserved 1179648K
  class space    used 7244K, committed 7872K, reserved 1048576K
}
Event: 2812.576 GC heap after
{Heap after GC invocations=360 (full 3):
 PSYoungGen      total 2560K, used 416K [0x00000000d5580000, 0x00000000d5900000, 0x0000000100000000)
  eden space 2048K, 0% used [0x00000000d5580000,0x00000000d5580000,0x00000000d5780000)
  from space 512K, 81% used [0x00000000d5800000,0x00000000d5868000,0x00000000d5880000)
  to   space 512K, 0% used [0x00000000d5880000,0x00000000d5880000,0x00000000d5900000)
 ParOldGen       total 168448K, used 168016K [0x0000000080000000, 0x000000008a480000, 0x00000000d5580000)
  object space 168448K, 99% used [0x0000000080000000,0x000000008a4142c0,0x000000008a480000)
 Metaspace       used 72177K, committed 73664K, reserved 1179648K
  class space    used 7244K, committed 7872K, reserved 1048576K
}
Event: 2812.579 GC heap before
{Heap before GC invocations=361 (full 3):
 PSYoungGen      total 2560K, used 2464K [0x00000000d5580000, 0x00000000d5900000, 0x0000000100000000)
  eden space 2048K, 100% used [0x00000000d5580000,0x00000000d5780000,0x00000000d5780000)
  from space 512K, 81% used [0x00000000d5800000,0x00000000d5868000,0x00000000d5880000)
  to   space 512K, 0% used [0x00000000d5880000,0x00000000d5880000,0x00000000d5900000)
 ParOldGen       total 168448K, used 168016K [0x0000000080000000, 0x000000008a480000, 0x00000000d5580000)
  object space 168448K, 99% used [0x0000000080000000,0x000000008a4142c0,0x000000008a480000)
 Metaspace       used 72182K, committed 73664K, reserved 1179648K
  class space    used 7245K, committed 7872K, reserved 1048576K
}
Event: 2812.581 GC heap after
{Heap after GC invocations=361 (full 3):
 PSYoungGen      total 2560K, used 160K [0x00000000d5580000, 0x00000000d5900000, 0x0000000100000000)
  eden space 2048K, 0% used [0x00000000d5580000,0x00000000d5580000,0x00000000d5780000)
  from space 512K, 31% used [0x00000000d5880000,0x00000000d58a8000,0x00000000d5900000)
  to   space 512K, 0% used [0x00000000d5800000,0x00000000d5800000,0x00000000d5880000)
 ParOldGen       total 168448K, used 168392K [0x0000000080000000, 0x000000008a480000, 0x00000000d5580000)
  object space 168448K, 99% used [0x0000000080000000,0x000000008a4722e0,0x000000008a480000)
 Metaspace       used 72182K, committed 73664K, reserved 1179648K
  class space    used 7245K, committed 7872K, reserved 1048576K
}
Event: 2812.587 GC heap before
{Heap before GC invocations=362 (full 3):
 PSYoungGen      total 2560K, used 2206K [0x00000000d5580000, 0x00000000d5900000, 0x0000000100000000)
  eden space 2048K, 99% used [0x00000000d5580000,0x00000000d577faf0,0x00000000d5780000)
  from space 512K, 31% used [0x00000000d5880000,0x00000000d58a8000,0x00000000d5900000)
  to   space 512K, 0% used [0x00000000d5800000,0x00000000d5800000,0x00000000d5880000)
 ParOldGen       total 168448K, used 168392K [0x0000000080000000, 0x000000008a480000, 0x00000000d5580000)
  object space 168448K, 99% used [0x0000000080000000,0x000000008a4722e0,0x000000008a480000)
 Metaspace       used 72193K, committed 73664K, reserved 1179648K
  class space    used 7247K, committed 7872K, reserved 1048576K
}
Event: 2812.588 GC heap after
{Heap after GC invocations=362 (full 3):
 PSYoungGen      total 2560K, used 320K [0x00000000d5580000, 0x00000000d5900000, 0x0000000100000000)
  eden space 2048K, 0% used [0x00000000d5580000,0x00000000d5580000,0x00000000d5780000)
  from space 512K, 62% used [0x00000000d5800000,0x00000000d5850000,0x00000000d5880000)
  to   space 512K, 0% used [0x00000000d5880000,0x00000000d5880000,0x00000000d5900000)
 ParOldGen       total 168960K, used 168480K [0x0000000080000000, 0x000000008a500000, 0x00000000d5580000)
  object space 168960K, 99% used [0x0000000080000000,0x000000008a4882e0,0x000000008a500000)
 Metaspace       used 72193K, committed 73664K, reserved 1179648K
  class space    used 7247K, committed 7872K, reserved 1048576K
}
Event: 2812.599 GC heap before
{Heap before GC invocations=363 (full 3):
 PSYoungGen      total 2560K, used 2367K [0x00000000d5580000, 0x00000000d5900000, 0x0000000100000000)
  eden space 2048K, 99% used [0x00000000d5580000,0x00000000d577ffc0,0x00000000d5780000)
  from space 512K, 62% used [0x00000000d5800000,0x00000000d5850000,0x00000000d5880000)
  to   space 512K, 0% used [0x00000000d5880000,0x00000000d5880000,0x00000000d5900000)
 ParOldGen       total 168960K, used 168480K [0x0000000080000000, 0x000000008a500000, 0x00000000d5580000)
  object space 168960K, 99% used [0x0000000080000000,0x000000008a4882e0,0x000000008a500000)
 Metaspace       used 72237K, committed 73728K, reserved 1179648K
  class space    used 7252K, committed 7872K, reserved 1048576K
}
Event: 2812.601 GC heap after
{Heap after GC invocations=363 (full 3):
 PSYoungGen      total 2560K, used 288K [0x00000000d5580000, 0x00000000d5900000, 0x0000000100000000)
  eden space 2048K, 0% used [0x00000000d5580000,0x00000000d5580000,0x00000000d5780000)
  from space 512K, 56% used [0x00000000d5880000,0x00000000d58c8000,0x00000000d5900000)
  to   space 512K, 0% used [0x00000000d5800000,0x00000000d5800000,0x00000000d5880000)
 ParOldGen       total 168960K, used 168712K [0x0000000080000000, 0x000000008a500000, 0x00000000d5580000)
  object space 168960K, 99% used [0x0000000080000000,0x000000008a4c22e0,0x000000008a500000)
 Metaspace       used 72237K, committed 73728K, reserved 1179648K
  class space    used 7252K, committed 7872K, reserved 1048576K
}
Event: 2812.613 GC heap before
{Heap before GC invocations=364 (full 3):
 PSYoungGen      total 2560K, used 2336K [0x00000000d5580000, 0x00000000d5900000, 0x0000000100000000)
  eden space 2048K, 100% used [0x00000000d5580000,0x00000000d5780000,0x00000000d5780000)
  from space 512K, 56% used [0x00000000d5880000,0x00000000d58c8000,0x00000000d5900000)
  to   space 512K, 0% used [0x00000000d5800000,0x00000000d5800000,0x00000000d5880000)
 ParOldGen       total 168960K, used 168712K [0x0000000080000000, 0x000000008a500000, 0x00000000d5580000)
  object space 168960K, 99% used [0x0000000080000000,0x000000008a4c22e0,0x000000008a500000)
 Metaspace       used 72267K, committed 73792K, reserved 1179648K
  class space    used 7255K, committed 7872K, reserved 1048576K
}
Event: 2812.614 GC heap after
{Heap after GC invocations=364 (full 3):
 PSYoungGen      total 2560K, used 340K [0x00000000d5580000, 0x00000000d5900000, 0x0000000100000000)
  eden space 2048K, 0% used [0x00000000d5580000,0x00000000d5580000,0x00000000d5780000)
  from space 512K, 66% used [0x00000000d5800000,0x00000000d5855200,0x00000000d5880000)
  to   space 512K, 0% used [0x00000000d5880000,0x00000000d5880000,0x00000000d5900000)
 ParOldGen       total 168960K, used 168928K [0x0000000080000000, 0x000000008a500000, 0x00000000d5580000)
  object space 168960K, 99% used [0x0000000080000000,0x000000008a4f8300,0x000000008a500000)
 Metaspace       used 72267K, committed 73792K, reserved 1179648K
  class space    used 7255K, committed 7872K, reserved 1048576K
}
Event: 2812.618 GC heap before
{Heap before GC invocations=365 (full 3):
 PSYoungGen      total 2560K, used 2388K [0x00000000d5580000, 0x00000000d5900000, 0x0000000100000000)
  eden space 2048K, 100% used [0x00000000d5580000,0x00000000d5780000,0x00000000d5780000)
  from space 512K, 66% used [0x00000000d5800000,0x00000000d5855200,0x00000000d5880000)
  to   space 512K, 0% used [0x00000000d5880000,0x00000000d5880000,0x00000000d5900000)
 ParOldGen       total 168960K, used 168928K [0x0000000080000000, 0x000000008a500000, 0x00000000d5580000)
  object space 168960K, 99% used [0x0000000080000000,0x000000008a4f8300,0x000000008a500000)
 Metaspace       used 72267K, committed 73792K, reserved 1179648K
  class space    used 7255K, committed 7872K, reserved 1048576K
}
Event: 2812.620 GC heap after
{Heap after GC invocations=365 (full 3):
 PSYoungGen      total 2560K, used 160K [0x00000000d5580000, 0x00000000d5900000, 0x0000000100000000)
  eden space 2048K, 0% used [0x00000000d5580000,0x00000000d5580000,0x00000000d5780000)
  from space 512K, 31% used [0x00000000d5880000,0x00000000d58a8000,0x00000000d5900000)
  to   space 512K, 0% used [0x00000000d5800000,0x00000000d5800000,0x00000000d5880000)
 ParOldGen       total 169472K, used 169251K [0x0000000080000000, 0x000000008a580000, 0x00000000d5580000)
  object space 169472K, 99% used [0x0000000080000000,0x000000008a548db0,0x000000008a580000)
 Metaspace       used 72267K, committed 73792K, reserved 1179648K
  class space    used 7255K, committed 7872K, reserved 1048576K
}
Event: 2812.624 GC heap before
{Heap before GC invocations=366 (full 3):
 PSYoungGen      total 2560K, used 2208K [0x00000000d5580000, 0x00000000d5900000, 0x0000000100000000)
  eden space 2048K, 100% used [0x00000000d5580000,0x00000000d5780000,0x00000000d5780000)
  from space 512K, 31% used [0x00000000d5880000,0x00000000d58a8000,0x00000000d5900000)
  to   space 512K, 0% used [0x00000000d5800000,0x00000000d5800000,0x00000000d5880000)
 ParOldGen       total 169472K, used 169251K [0x0000000080000000, 0x000000008a580000, 0x00000000d5580000)
  object space 169472K, 99% used [0x0000000080000000,0x000000008a548db0,0x000000008a580000)
 Metaspace       used 72267K, committed 73792K, reserved 1179648K
  class space    used 7255K, committed 7872K, reserved 1048576K
}
Event: 2812.626 GC heap after
{Heap after GC invocations=366 (full 3):
 PSYoungGen      total 3072K, used 400K [0x00000000d5580000, 0x00000000d5900000, 0x0000000100000000)
  eden space 2560K, 0% used [0x00000000d5580000,0x00000000d5580000,0x00000000d5800000)
  from space 512K, 78% used [0x00000000d5800000,0x00000000d5864010,0x00000000d5880000)
  to   space 512K, 0% used [0x00000000d5880000,0x00000000d5880000,0x00000000d5900000)
 ParOldGen       total 169472K, used 169363K [0x0000000080000000, 0x000000008a580000, 0x00000000d5580000)
  object space 169472K, 99% used [0x0000000080000000,0x000000008a564db0,0x000000008a580000)
 Metaspace       used 72267K, committed 73792K, reserved 1179648K
  class space    used 7255K, committed 7872K, reserved 1048576K
}
Event: 2812.635 GC heap before
{Heap before GC invocations=367 (full 3):
 PSYoungGen      total 3072K, used 2960K [0x00000000d5580000, 0x00000000d5900000, 0x0000000100000000)
  eden space 2560K, 100% used [0x00000000d5580000,0x00000000d5800000,0x00000000d5800000)
  from space 512K, 78% used [0x00000000d5800000,0x00000000d5864010,0x00000000d5880000)
  to   space 512K, 0% used [0x00000000d5880000,0x00000000d5880000,0x00000000d5900000)
 ParOldGen       total 169472K, used 169363K [0x0000000080000000, 0x000000008a580000, 0x00000000d5580000)
  object space 169472K, 99% used [0x0000000080000000,0x000000008a564db0,0x000000008a580000)
 Metaspace       used 72267K, committed 73792K, reserved 1179648K
  class space    used 7255K, committed 7872K, reserved 1048576K
}
Event: 2812.637 GC heap after
{Heap after GC invocations=367 (full 3):
 PSYoungGen      total 3072K, used 288K [0x00000000d5580000, 0x00000000d5900000, 0x0000000100000000)
  eden space 2560K, 0% used [0x00000000d5580000,0x00000000d5580000,0x00000000d5800000)
  from space 512K, 56% used [0x00000000d5880000,0x00000000d58c8000,0x00000000d5900000)
  to   space 512K, 0% used [0x00000000d5800000,0x00000000d5800000,0x00000000d5880000)
 ParOldGen       total 169984K, used 169683K [0x0000000080000000, 0x000000008a600000, 0x00000000d5580000)
  object space 169984K, 99% used [0x0000000080000000,0x000000008a5b4dd0,0x000000008a600000)
 Metaspace       used 72267K, committed 73792K, reserved 1179648K
  class space    used 7255K, committed 7872K, reserved 1048576K
}
Event: 2812.651 GC heap before
{Heap before GC invocations=368 (full 3):
 PSYoungGen      total 3072K, used 2848K [0x00000000d5580000, 0x00000000d5900000, 0x0000000100000000)
  eden space 2560K, 100% used [0x00000000d5580000,0x00000000d5800000,0x00000000d5800000)
  from space 512K, 56% used [0x00000000d5880000,0x00000000d58c8000,0x00000000d5900000)
  to   space 512K, 0% used [0x00000000d5800000,0x00000000d5800000,0x00000000d5880000)
 ParOldGen       total 169984K, used 169683K [0x0000000080000000, 0x000000008a600000, 0x00000000d5580000)
  object space 169984K, 99% used [0x0000000080000000,0x000000008a5b4dd0,0x000000008a600000)
 Metaspace       used 72285K, committed 73792K, reserved 1179648K
  class space    used 7255K, committed 7872K, reserved 1048576K
}
Event: 2812.653 GC heap after
{Heap after GC invocations=368 (full 3):
 PSYoungGen      total 3072K, used 384K [0x00000000d5580000, 0x00000000d5900000, 0x0000000100000000)
  eden space 2560K, 0% used [0x00000000d5580000,0x00000000d5580000,0x00000000d5800000)
  from space 512K, 75% used [0x00000000d5800000,0x00000000d5860000,0x00000000d5880000)
  to   space 512K, 0% used [0x00000000d5880000,0x00000000d5880000,0x00000000d5900000)
 ParOldGen       total 169984K, used 169931K [0x0000000080000000, 0x000000008a600000, 0x00000000d5580000)
  object space 169984K, 99% used [0x0000000080000000,0x000000008a5f2dd0,0x000000008a600000)
 Metaspace       used 72285K, committed 73792K, reserved 1179648K
  class space    used 7255K, committed 7872K, reserved 1048576K
}

Dll operation events (10 events):
Event: 0.025 Loaded shared library c:\Users\91834\.antigravity\extensions\redhat.java-1.49.0-win32-x64\jre\21.0.9-win32-x86_64\bin\java.dll
Event: 0.146 Loaded shared library c:\Users\91834\.antigravity\extensions\redhat.java-1.49.0-win32-x64\jre\21.0.9-win32-x86_64\bin\zip.dll
Event: 0.168 Loaded shared library C:\Users\91834\.antigravity\extensions\redhat.java-1.49.0-win32-x64\jre\21.0.9-win32-x86_64\bin\instrument.dll
Event: 0.175 Loaded shared library C:\Users\91834\.antigravity\extensions\redhat.java-1.49.0-win32-x64\jre\21.0.9-win32-x86_64\bin\net.dll
Event: 0.177 Loaded shared library C:\Users\91834\.antigravity\extensions\redhat.java-1.49.0-win32-x64\jre\21.0.9-win32-x86_64\bin\nio.dll
Event: 0.184 Loaded shared library C:\Users\91834\.antigravity\extensions\redhat.java-1.49.0-win32-x64\jre\21.0.9-win32-x86_64\bin\zip.dll
Event: 0.299 Loaded shared library C:\Users\91834\.antigravity\extensions\redhat.java-1.49.0-win32-x64\jre\21.0.9-win32-x86_64\bin\jimage.dll
Event: 0.475 Loaded shared library c:\Users\91834\.antigravity\extensions\redhat.java-1.49.0-win32-x64\jre\21.0.9-win32-x86_64\bin\verify.dll
Event: 39.039 Loaded shared library C:\Users\91834\AppData\Roaming\Antigravity\User\globalStorage\redhat.java\1.49.0\config_win\org.eclipse.equinox.launcher\org.eclipse.equinox.launcher.win32.win32.x86_64_1.2.1400.v20250801-0854\eclipse_11916.dll
Event: 69.474 Loaded shared library C:\Users\91834\AppData\Local\Temp\jna-54155905\jna4922700973834192761.dll

Deoptimization events (20 events):
Event: 2812.429 Thread 0x000001c169ff0940 DEOPT PACKING pc=0x000001c1549f18cc sp=0x00000024b9afed00
Event: 2812.429 Thread 0x000001c169ff0940 DEOPT UNPACKING pc=0x000001c153a96da2 sp=0x00000024b9afec08 mode 2
Event: 2812.429 Thread 0x000001c169ff0940 Uncommon trap: trap_request=0xffffffc6 fr.pc=0x000001c1549f18cc relative=0x00000000000005cc
Event: 2812.429 Thread 0x000001c169ff0940 Uncommon trap: reason=bimorphic_or_optimized_type_check action=maybe_recompile pc=0x000001c1549f18cc method=java.util.HashMap.removeNode(ILjava/lang/Object;Ljava/lang/Object;ZZ)Ljava/util/HashMap$Node; @ 143 c2
Event: 2812.429 Thread 0x000001c169ff0940 DEOPT PACKING pc=0x000001c1549f18cc sp=0x00000024b9afed00
Event: 2812.429 Thread 0x000001c169ff0940 DEOPT UNPACKING pc=0x000001c153a96da2 sp=0x00000024b9afec08 mode 2
Event: 2812.517 Thread 0x000001c169ff0940 DEOPT PACKING pc=0x000001c14d4718b9 sp=0x00000024b9af8570
Event: 2812.517 Thread 0x000001c169ff0940 DEOPT UNPACKING pc=0x000001c153a978e2 sp=0x00000024b9af7c80 mode 0
Event: 2812.520 Thread 0x000001c169ff0940 DEOPT PACKING pc=0x000001c14d4709f0 sp=0x00000024b9af8570
Event: 2812.520 Thread 0x000001c169ff0940 DEOPT UNPACKING pc=0x000001c153a978e2 sp=0x00000024b9af7c80 mode 0
Event: 2812.526 Thread 0x000001c169ff0940 DEOPT PACKING pc=0x000001c14d4718b9 sp=0x00000024b9af8570
Event: 2812.526 Thread 0x000001c169ff0940 DEOPT UNPACKING pc=0x000001c153a978e2 sp=0x00000024b9af7c80 mode 0
Event: 2812.530 Thread 0x000001c169ff0940 DEOPT PACKING pc=0x000001c14d4709f0 sp=0x00000024b9af8570
Event: 2812.530 Thread 0x000001c169ff0940 DEOPT UNPACKING pc=0x000001c153a978e2 sp=0x00000024b9af7c80 mode 0
Event: 2812.555 Thread 0x000001c169ff0940 DEOPT PACKING pc=0x000001c14e81c39e sp=0x00000024b9afc6a0
Event: 2812.555 Thread 0x000001c169ff0940 DEOPT UNPACKING pc=0x000001c153a978e2 sp=0x00000024b9afbb80 mode 0
Event: 2812.579 Thread 0x000001c169ff0940 Uncommon trap: trap_request=0xffffffde fr.pc=0x000001c1544f6918 relative=0x0000000000000078
Event: 2812.579 Thread 0x000001c169ff0940 Uncommon trap: reason=class_check action=maybe_recompile pc=0x000001c1544f6918 method=java.util.LinkedHashMap.afterNodeInsertion(Z)V @ 15 c2
Event: 2812.579 Thread 0x000001c169ff0940 DEOPT PACKING pc=0x000001c1544f6918 sp=0x00000024b9afee30
Event: 2812.579 Thread 0x000001c169ff0940 DEOPT UNPACKING pc=0x000001c153a96da2 sp=0x00000024b9afeda8 mode 2

Classes loaded (20 events):
Event: 793.883 Loading class java/util/stream/Nodes$CollectorTask$OfRef
Event: 793.884 Loading class java/util/stream/Nodes$CollectorTask
Event: 793.886 Loading class java/util/stream/Nodes$CollectorTask done
Event: 793.886 Loading class java/util/stream/Nodes$CollectorTask$OfRef done
Event: 793.895 Loading class java/util/function/LongFunction
Event: 793.896 Loading class java/util/function/LongFunction done
Event: 793.898 Loading class java/util/stream/Nodes$ConcNode
Event: 793.899 Loading class java/util/stream/Nodes$AbstractConcNode
Event: 793.900 Loading class java/util/stream/Nodes$AbstractConcNode done
Event: 793.900 Loading class java/util/stream/Nodes$ConcNode done
Event: 793.960 Loading class java/io/ObjectOutputStream$BlockDataOutputStream
Event: 793.961 Loading class java/io/ObjectOutputStream$BlockDataOutputStream done
Event: 793.962 Loading class java/io/ObjectOutputStream$HandleTable
Event: 793.962 Loading class java/io/ObjectOutputStream$HandleTable done
Event: 793.962 Loading class java/io/ObjectOutputStream$ReplaceTable
Event: 793.962 Loading class java/io/ObjectOutputStream$ReplaceTable done
Event: 2810.636 Loading class java/lang/UnsupportedClassVersionError
Event: 2810.637 Loading class java/lang/UnsupportedClassVersionError done
Event: 2812.255 Loading class jdk/internal/ref/CleanerImpl$InnocuousThreadFactory
Event: 2812.256 Loading class jdk/internal/ref/CleanerImpl$InnocuousThreadFactory done

Classes unloaded (7 events):
Event: 70.408 Thread 0x000001c147adbf50 Unloading class 0x000001c1011a9400 'java/lang/invoke/LambdaForm$MH+0x000001c1011a9400'
Event: 70.408 Thread 0x000001c147adbf50 Unloading class 0x000001c1011a9000 'java/lang/invoke/LambdaForm$MH+0x000001c1011a9000'
Event: 70.408 Thread 0x000001c147adbf50 Unloading class 0x000001c1011a8c00 'java/lang/invoke/LambdaForm$MH+0x000001c1011a8c00'
Event: 70.408 Thread 0x000001c147adbf50 Unloading class 0x000001c1011a8800 'java/lang/invoke/LambdaForm$MH+0x000001c1011a8800'
Event: 70.408 Thread 0x000001c147adbf50 Unloading class 0x000001c1011a8400 'java/lang/invoke/LambdaForm$BMH+0x000001c1011a8400'
Event: 70.408 Thread 0x000001c147adbf50 Unloading class 0x000001c1011a8000 'java/lang/invoke/LambdaForm$DMH+0x000001c1011a8000'
Event: 70.408 Thread 0x000001c147adbf50 Unloading class 0x000001c1011a6c00 'java/lang/invoke/LambdaForm$DMH+0x000001c1011a6c00'

Classes redefined (0 events):
No events

Internal exceptions (20 events):
Event: 502.355 Thread 0x000001c16132b4d0 Exception <a 'java/io/FileNotFoundException'{0x00000000d56d7500}> (0x00000000d56d7500) 
thrown [s\src\hotspot\share\prims\jni.cpp, line 520]
Event: 503.308 Thread 0x000001c16132b4d0 Implicit null exception at 0x000001c1545c1b95 to 0x000001c1545c2194
Event: 503.868 Thread 0x000001c16132b4d0 Implicit null exception at 0x000001c1543210f3 to 0x000001c154321df4
Event: 793.946 Thread 0x000001c16132b4d0 Exception <a 'sun/nio/fs/WindowsException'{0x00000000d55e3560}> (0x00000000d55e3560) 
thrown [s\src\hotspot\share\prims\jni.cpp, line 520]
Event: 793.946 Thread 0x000001c16132b4d0 Exception <a 'sun/nio/fs/WindowsException'{0x00000000d55e42e8}> (0x00000000d55e42e8) 
thrown [s\src\hotspot\share\prims\jni.cpp, line 520]
Event: 794.036 Thread 0x000001c16132b4d0 Exception <a 'java/lang/NoSuchMethodError'{0x00000000d5583ed8}: static [J.<clinit>()V> (0x00000000d5583ed8) 
thrown [s\src\hotspot\share\prims\jni.cpp, line 1111]
Event: 794.057 Thread 0x000001c16132b4d0 Exception <a 'java/lang/NoSuchMethodError'{0x00000000d55b35e0}: 'java.lang.Object java.lang.invoke.DirectMethodHandle$Holder.newInvokeSpecial(java.lang.Object, java.lang.Object, java.lang.Object, java.lang.Object, java.lang.Object, java.lang.Object, java.lang.Object, java.lang.Object)'> (0x00000000d55b35e0) 
thrown [s\src\hotspot\share\interpreter\linkResolver.cpp, line 773]
Event: 2810.171 Thread 0x000001c167f1f810 Exception <a 'java/lang/IncompatibleClassChangeError'{0x00000000d5687e10}: Found class java.lang.Object, but interface was expected> (0x00000000d5687e10) 
thrown [s\src\hotspot\share\interpreter\linkResolver.cpp, line 840]
Event: 2810.413 Thread 0x000001c167f1f810 Exception <a 'java/lang/IncompatibleClassChangeError'{0x00000000d55a19e0}: Found class java.lang.Object, but interface was expected> (0x00000000d55a19e0) 
thrown [s\src\hotspot\share\interpreter\linkResolver.cpp, line 840]
Event: 2810.424 Thread 0x000001c167f1f810 Exception <a 'java/lang/IncompatibleClassChangeError'{0x00000000d55c1118}: Found class java.lang.Object, but interface was expected> (0x00000000d55c1118) 
thrown [s\src\hotspot\share\interpreter\linkResolver.cpp, line 840]
Event: 2810.448 Thread 0x000001c167f1f810 Exception <a 'java/lang/IncompatibleClassChangeError'{0x00000000d55dbb38}: Found class java.lang.Object, but interface was expected> (0x00000000d55dbb38) 
thrown [s\src\hotspot\share\interpreter\linkResolver.cpp, line 840]
Event: 2810.451 Thread 0x000001c167f1f810 Exception <a 'java/lang/IncompatibleClassChangeError'{0x00000000d55e5ab0}: Found class java.lang.Object, but interface was expected> (0x00000000d55e5ab0) 
thrown [s\src\hotspot\share\interpreter\linkResolver.cpp, line 840]
Event: 2810.542 Thread 0x000001c169ff0fd0 Exception <a 'java/lang/NoSuchMethodError'{0x00000000d56790b8}: 'java.lang.Object java.lang.invoke.DirectMethodHandle$Holder.invokeSpecial(java.lang.Object, java.lang.Object, java.lang.Object, java.lang.Object, int, java.lang.Object, java.lang.Object)'> (0x00000000d56790b8) 
thrown [s\src\hotspot\share\interpreter\linkResolver.cpp, line 773]
Event: 2810.597 Thread 0x000001c169ff1cf0 Exception <a 'sun/nio/fs/WindowsException'{0x00000000d55c0e30}> (0x00000000d55c0e30) 
thrown [s\src\hotspot\share\prims\jni.cpp, line 520]
Event: 2810.597 Thread 0x000001c169ff1cf0 Exception <a 'sun/nio/fs/WindowsException'{0x00000000d55c16e0}> (0x00000000d55c16e0) 
thrown [s\src\hotspot\share\prims\jni.cpp, line 520]
Event: 2810.601 Thread 0x000001c169ff1cf0 Exception <a 'sun/nio/fs/WindowsException'{0x00000000d56151e8}> (0x00000000d56151e8) 
thrown [s\src\hotspot\share\prims\jni.cpp, line 520]
Event: 2810.602 Thread 0x000001c169ff1cf0 Exception <a 'sun/nio/fs/WindowsException'{0x00000000d5615818}> (0x00000000d5615818) 
thrown [s\src\hotspot\share\prims\jni.cpp, line 520]
Event: 2810.770 Thread 0x000001c169ff0940 Exception <a 'java/lang/NoSuchMethodError'{0x00000000d55a5068}: 'int java.lang.invoke.Invokers$Holder.invokeExact_MT(java.lang.Object, java.lang.Object)'> (0x00000000d55a5068) 
thrown [s\src\hotspot\share\interpreter\linkResolver.cpp, line 773]
Event: 2810.856 Thread 0x000001c169ff0940 Exception <a 'java/lang/IncompatibleClassChangeError'{0x00000000d55a79e0}: Found class java.lang.Object, but interface was expected> (0x00000000d55a79e0) 
thrown [s\src\hotspot\share\interpreter\linkResolver.cpp, line 840]
Event: 2811.872 Thread 0x000001c169ff0fd0 Exception <a 'java/lang/ArrayIndexOutOfBoundsException'{0x00000000d5670f18}> (0x00000000d5670f18) 
thrown [s\src\hotspot\share\runtime\sharedRuntime.cpp, line 625]

ZGC Phase Switch (0 events):
No events

VM Operations (20 events):
Event: 4870.319 Executing VM operation: HandshakeAllThreads (HandshakeForDeflation)
Event: 4870.319 Executing VM operation: HandshakeAllThreads (HandshakeForDeflation) done
Event: 4870.320 Executing VM operation: RendezvousGCThreads
Event: 4870.320 Executing VM operation: RendezvousGCThreads done
Event: 4990.729 Executing VM operation: HandshakeAllThreads (HandshakeForDeflation)
Event: 4990.729 Executing VM operation: HandshakeAllThreads (HandshakeForDeflation) done
Event: 4990.729 Executing VM operation: RendezvousGCThreads
Event: 4990.729 Executing VM operation: RendezvousGCThreads done
Event: 5050.790 Executing VM operation: HandshakeAllThreads (HandshakeForDeflation)
Event: 5050.790 Executing VM operation: HandshakeAllThreads (HandshakeForDeflation) done
Event: 5050.791 Executing VM operation: RendezvousGCThreads
Event: 5050.791 Executing VM operation: RendezvousGCThreads done
Event: 5171.098 Executing VM operation: HandshakeAllThreads (HandshakeForDeflation)
Event: 5171.099 Executing VM operation: HandshakeAllThreads (HandshakeForDeflation) done
Event: 5171.099 Executing VM operation: RendezvousGCThreads
Event: 5171.099 Executing VM operation: RendezvousGCThreads done
Event: 5231.311 Executing VM operation: HandshakeAllThreads (HandshakeForDeflation)
Event: 5231.312 Executing VM operation: HandshakeAllThreads (HandshakeForDeflation) done
Event: 5231.312 Executing VM operation: RendezvousGCThreads
Event: 5231.312 Executing VM operation: RendezvousGCThreads done

Memory protections (0 events):
No events

Nmethod flushes (20 events):
Event: 81.629 Thread 0x000001c147adbf50 flushing  nmethod 0x000001c14ce47310
Event: 81.629 Thread 0x000001c147adbf50 flushing  nmethod 0x000001c14ce48110
Event: 81.629 Thread 0x000001c147adbf50 flushing  nmethod 0x000001c14ce48d90
Event: 81.629 Thread 0x000001c147adbf50 flushing  nmethod 0x000001c14ce49e10
Event: 81.629 Thread 0x000001c147adbf50 flushing  nmethod 0x000001c14ce4d690
Event: 81.629 Thread 0x000001c147adbf50 flushing  nmethod 0x000001c14ce52c90
Event: 81.629 Thread 0x000001c147adbf50 flushing  nmethod 0x000001c14ce55a90
Event: 81.629 Thread 0x000001c147adbf50 flushing  nmethod 0x000001c14ce76a90
Event: 81.629 Thread 0x000001c147adbf50 flushing  nmethod 0x000001c14ce77090
Event: 81.629 Thread 0x000001c147adbf50 flushing  nmethod 0x000001c14ce77910
Event: 81.629 Thread 0x000001c147adbf50 flushing  nmethod 0x000001c14ce7cc10
Event: 81.629 Thread 0x000001c147adbf50 flushing osr nmethod 0x000001c14ceba610
Event: 81.629 Thread 0x000001c147adbf50 flushing  nmethod 0x000001c14cefe390
Event: 81.629 Thread 0x000001c147adbf50 flushing  nmethod 0x000001c14ceffe90
Event: 81.629 Thread 0x000001c147adbf50 flushing  nmethod 0x000001c14cf01790
Event: 81.629 Thread 0x000001c147adbf50 flushing  nmethod 0x000001c14cf02190
Event: 81.629 Thread 0x000001c147adbf50 flushing  nmethod 0x000001c14cf04910
Event: 81.629 Thread 0x000001c147adbf50 flushing  nmethod 0x000001c14cf07710
Event: 81.629 Thread 0x000001c147adbf50 flushing  nmethod 0x000001c14cf07a90
Event: 81.629 Thread 0x000001c147adbf50 flushing  nmethod 0x000001c14cf10810

Events (20 events):
Event: 793.901 Thread 0x000001c169ff1cf0 Thread exited: 0x000001c169ff1cf0
Event: 793.950 Thread 0x000001c16132b4d0 Thread added: 0x000001c169ff3730
Event: 793.953 Thread 0x000001c169ff3730 Thread exited: 0x000001c169ff3730
Event: 794.011 Thread 0x000001c1603ad940 Thread added: 0x000001c166ae2390
Event: 796.983 Thread 0x000001c167f253f0 Thread exited: 0x000001c167f253f0
Event: 796.983 Thread 0x000001c167f22600 Thread exited: 0x000001c167f22600
Event: 799.382 Thread 0x000001c166ae2390 Thread exited: 0x000001c166ae2390
Event: 801.538 Thread 0x000001c1613286e0 Thread exited: 0x000001c1613286e0
Event: 801.600 Thread 0x000001c161328d70 Thread exited: 0x000001c161328d70
Event: 2810.406 Thread 0x000001c167f1f810 Thread added: 0x000001c169ff0940
Event: 2810.426 Thread 0x000001c169ff0940 Thread added: 0x000001c169ff0fd0
Event: 2810.473 Thread 0x000001c169ff0fd0 Thread added: 0x000001c169ff1cf0
Event: 2810.930 Thread 0x000001c1603ad940 Thread added: 0x000001c168377f60
Event: 2811.588 Thread 0x000001c168377f60 Thread exited: 0x000001c168377f60
Event: 2812.256 Thread 0x000001c169ff0940 Thread added: 0x000001c169ff2380
Event: 2812.288 Thread 0x000001c1603ad940 Thread added: 0x000001c169c9df00
Event: 2818.094 Thread 0x000001c169c9df00 Thread exited: 0x000001c169c9df00
Event: 2873.045 Thread 0x000001c169ff0940 Thread exited: 0x000001c169ff0940
Event: 2933.051 Thread 0x000001c169ff1cf0 Thread exited: 0x000001c169ff1cf0
Event: 2993.058 Thread 0x000001c169ff0fd0 Thread exited: 0x000001c169ff0fd0


Dynamic libraries:
0x00007ff736f80000 - 0x00007ff736f8e000 	c:\Users\91834\.antigravity\extensions\redhat.java-1.49.0-win32-x64\jre\21.0.9-win32-x86_64\bin\java.exe
0x00007ff8bea20000 - 0x00007ff8bec88000 	C:\WINDOWS\SYSTEM32\ntdll.dll
0x00007ff8bdca0000 - 0x00007ff8bdd69000 	C:\WINDOWS\System32\KERNEL32.DLL
0x00007ff8bc0d0000 - 0x00007ff8bc4c8000 	C:\WINDOWS\System32\KERNELBASE.dll
0x00007ff8bbd30000 - 0x00007ff8bbe7b000 	C:\WINDOWS\System32\ucrtbase.dll
0x00007ff81f040000 - 0x00007ff81f058000 	c:\Users\91834\.antigravity\extensions\redhat.java-1.49.0-win32-x64\jre\21.0.9-win32-x86_64\bin\jli.dll
0x00007ff8bcb80000 - 0x00007ff8bcd47000 	C:\WINDOWS\System32\USER32.dll
0x00007ff8bbf30000 - 0x00007ff8bbf57000 	C:\WINDOWS\System32\win32u.dll
0x00007ff8bcb50000 - 0x00007ff8bcb7b000 	C:\WINDOWS\System32\GDI32.dll
0x00007ff8bbb70000 - 0x00007ff8bbc9c000 	C:\WINDOWS\System32\gdi32full.dll
0x00007ff8bbe80000 - 0x00007ff8bbf23000 	C:\WINDOWS\System32\msvcp_win.dll
0x00007ff81f020000 - 0x00007ff81f03e000 	c:\Users\91834\.antigravity\extensions\redhat.java-1.49.0-win32-x64\jre\21.0.9-win32-x86_64\bin\VCRUNTIME140.dll
0x00007ff8a87d0000 - 0x00007ff8a8a64000 	C:\WINDOWS\WinSxS\amd64_microsoft.windows.common-controls_6595b64144ccf1df_6.0.26100.7019_none_3e06ffa0e335b8a8\COMCTL32.dll
0x00007ff8be850000 - 0x00007ff8be8f9000 	C:\WINDOWS\System32\msvcrt.dll
0x00007ff8bcdd0000 - 0x00007ff8bce01000 	C:\WINDOWS\System32\IMM32.DLL
0x00007ff87ded0000 - 0x00007ff87dedc000 	c:\Users\91834\.antigravity\extensions\redhat.java-1.49.0-win32-x64\jre\21.0.9-win32-x86_64\bin\vcruntime140_1.dll
0x00007ff81ef90000 - 0x00007ff81f01d000 	c:\Users\91834\.antigravity\extensions\redhat.java-1.49.0-win32-x64\jre\21.0.9-win32-x86_64\bin\msvcp140.dll
0x00007ff81df20000 - 0x00007ff81ecc0000 	c:\Users\91834\.antigravity\extensions\redhat.java-1.49.0-win32-x64\jre\21.0.9-win32-x86_64\bin\server\jvm.dll
0x00007ff8bd2a0000 - 0x00007ff8bd354000 	C:\WINDOWS\System32\ADVAPI32.dll
0x00007ff8bdfe0000 - 0x00007ff8be086000 	C:\WINDOWS\System32\sechost.dll
0x00007ff8be190000 - 0x00007ff8be2a8000 	C:\WINDOWS\System32\RPCRT4.dll
0x00007ff8bcd50000 - 0x00007ff8bcdc4000 	C:\WINDOWS\System32\WS2_32.dll
0x00007ff8bb9d0000 - 0x00007ff8bba2e000 	C:\WINDOWS\SYSTEM32\POWRPROF.dll
0x00007ff8b6410000 - 0x00007ff8b6445000 	C:\WINDOWS\SYSTEM32\WINMM.dll
0x00007ff8abae0000 - 0x00007ff8abaeb000 	C:\WINDOWS\SYSTEM32\VERSION.dll
0x00007ff8bb9b0000 - 0x00007ff8bb9c4000 	C:\WINDOWS\SYSTEM32\UMPDC.dll
0x00007ff8ba930000 - 0x00007ff8ba94b000 	C:\WINDOWS\SYSTEM32\kernel.appcore.dll
0x00007ff862ed0000 - 0x00007ff862eda000 	c:\Users\91834\.antigravity\extensions\redhat.java-1.49.0-win32-x64\jre\21.0.9-win32-x86_64\bin\jimage.dll
0x00007ff8b91f0000 - 0x00007ff8b9432000 	C:\WINDOWS\SYSTEM32\DBGHELP.DLL
0x00007ff8bc7c0000 - 0x00007ff8bcb4b000 	C:\WINDOWS\System32\combase.dll
0x00007ff8be900000 - 0x00007ff8be9d7000 	C:\WINDOWS\System32\OLEAUT32.dll
0x00007ff8b63d0000 - 0x00007ff8b640c000 	C:\WINDOWS\SYSTEM32\dbgcore.DLL
0x00007ff8bbf60000 - 0x00007ff8bc005000 	C:\WINDOWS\System32\bcryptPrimitives.dll
0x00007ff8265c0000 - 0x00007ff8265cf000 	c:\Users\91834\.antigravity\extensions\redhat.java-1.49.0-win32-x64\jre\21.0.9-win32-x86_64\bin\instrument.dll
0x00007ff81ef70000 - 0x00007ff81ef90000 	c:\Users\91834\.antigravity\extensions\redhat.java-1.49.0-win32-x64\jre\21.0.9-win32-x86_64\bin\java.dll
0x00007ff8bd520000 - 0x00007ff8bdc6f000 	C:\WINDOWS\System32\SHELL32.dll
0x00007ff8bc650000 - 0x00007ff8bc7bb000 	C:\WINDOWS\System32\wintypes.dll
0x00007ff8b97b0000 - 0x00007ff8ba00d000 	C:\WINDOWS\SYSTEM32\windows.storage.dll
0x00007ff8bdd70000 - 0x00007ff8bde62000 	C:\WINDOWS\System32\SHCORE.dll
0x00007ff8bd440000 - 0x00007ff8bd4a7000 	C:\WINDOWS\System32\shlwapi.dll
0x00007ff8bba90000 - 0x00007ff8bbab9000 	C:\WINDOWS\SYSTEM32\profapi.dll
0x00007ff81ef30000 - 0x00007ff81ef48000 	c:\Users\91834\.antigravity\extensions\redhat.java-1.49.0-win32-x64\jre\21.0.9-win32-x86_64\bin\zip.dll
0x00007ff81ef20000 - 0x00007ff81ef30000 	C:\Users\91834\.antigravity\extensions\redhat.java-1.49.0-win32-x64\jre\21.0.9-win32-x86_64\bin\net.dll
0x00007ff8ae590000 - 0x00007ff8ae6b8000 	C:\WINDOWS\SYSTEM32\WINHTTP.dll
0x00007ff8baea0000 - 0x00007ff8baf0b000 	C:\WINDOWS\system32\mswsock.dll
0x00007ff81eef0000 - 0x00007ff81ef06000 	C:\Users\91834\.antigravity\extensions\redhat.java-1.49.0-win32-x64\jre\21.0.9-win32-x86_64\bin\nio.dll
0x00007ff81eec0000 - 0x00007ff81eed0000 	c:\Users\91834\.antigravity\extensions\redhat.java-1.49.0-win32-x64\jre\21.0.9-win32-x86_64\bin\verify.dll
0x00007ff841e40000 - 0x00007ff841e84000 	C:\Users\91834\AppData\Roaming\Antigravity\User\globalStorage\redhat.java\1.49.0\config_win\org.eclipse.equinox.launcher\org.eclipse.equinox.launcher.win32.win32.x86_64_1.2.1400.v20250801-0854\eclipse_11916.dll
0x00007ff8be3b0000 - 0x00007ff8be547000 	C:\WINDOWS\System32\ole32.dll
0x00007ff8bb160000 - 0x00007ff8bb17b000 	C:\WINDOWS\SYSTEM32\CRYPTSP.dll
0x00007ff8ba890000 - 0x00007ff8ba8ca000 	C:\WINDOWS\system32\rsaenh.dll
0x00007ff8baf50000 - 0x00007ff8baf7b000 	C:\WINDOWS\SYSTEM32\USERENV.dll
0x00007ff8bba60000 - 0x00007ff8bba8a000 	C:\WINDOWS\SYSTEM32\bcrypt.dll
0x00007ff8bb180000 - 0x00007ff8bb18c000 	C:\WINDOWS\SYSTEM32\CRYPTBASE.dll
0x00007ff8ba3f0000 - 0x00007ff8ba424000 	C:\WINDOWS\SYSTEM32\IPHLPAPI.DLL
0x00007ff8bd510000 - 0x00007ff8bd51a000 	C:\WINDOWS\System32\NSI.dll
0x00007ff88a6b0000 - 0x00007ff88a6f9000 	C:\Users\91834\AppData\Local\Temp\jna-54155905\jna4922700973834192761.dll
0x00007ff8be570000 - 0x00007ff8be578000 	C:\WINDOWS\System32\PSAPI.DLL
0x00007ff8aed10000 - 0x00007ff8aed2e000 	C:\WINDOWS\SYSTEM32\dhcpcsvc6.DLL
0x00007ff8aece0000 - 0x00007ff8aed03000 	C:\WINDOWS\SYSTEM32\dhcpcsvc.DLL

JVMTI agents:
c:\Users\91834\.antigravity\extensions\redhat.java-1.49.0-win32-x64\lombok\lombok-1.18.39-4050.jar path:c:\Users\91834\.antigravity\extensions\redhat.java-1.49.0-win32-x64\jre\21.0.9-win32-x86_64\bin\instrument.dll, loaded, initialized, instrumentlib options:none

dbghelp: loaded successfully - version: 4.0.5 - missing functions: none
symbol engine: initialized successfully - sym options: 0x614 - pdb path: .;c:\Users\91834\.antigravity\extensions\redhat.java-1.49.0-win32-x64\jre\21.0.9-win32-x86_64\bin;C:\WINDOWS\SYSTEM32;C:\WINDOWS\WinSxS\amd64_microsoft.windows.common-controls_6595b64144ccf1df_6.0.26100.7019_none_3e06ffa0e335b8a8;c:\Users\91834\.antigravity\extensions\redhat.java-1.49.0-win32-x64\jre\21.0.9-win32-x86_64\bin\server;C:\Users\91834\AppData\Roaming\Antigravity\User\globalStorage\redhat.java\1.49.0\config_win\org.eclipse.equinox.launcher\org.eclipse.equinox.launcher.win32.win32.x86_64_1.2.1400.v20250801-0854;C:\Users\91834\AppData\Local\Temp\jna-54155905

VM Arguments:
jvm_args: --add-modules=ALL-SYSTEM --add-opens=java.base/java.util=ALL-UNNAMED --add-opens=java.base/java.lang=ALL-UNNAMED --add-opens=java.base/sun.nio.fs=ALL-UNNAMED -Declipse.application=org.eclipse.jdt.ls.core.id1 -Dosgi.bundles.defaultStartLevel=4 -Declipse.product=org.eclipse.jdt.ls.core.product -Djava.import.generatesMetadataFilesAtProjectRoot=false -DDetectVMInstallationsJob.disabled=true -Dfile.encoding=utf8 -XX:+UseParallelGC -XX:GCTimeRatio=4 -XX:AdaptiveSizePolicyWeight=90 -Dsun.zip.disableMemoryMapping=true -Xmx2G -Xms100m -Xlog:disable -javaagent:c:\Users\91834\.antigravity\extensions\redhat.java-1.49.0-win32-x64\lombok\lombok-1.18.39-4050.jar -XX:+HeapDumpOnOutOfMemoryError -XX:HeapDumpPath=c:\Users\91834\AppData\Roaming\Antigravity\User\workspaceStorage\d30b025f60f257c451756037ad4f8bb1\redhat.java -Daether.dependencyCollector.impl=bf 
java_command: c:\Users\91834\.antigravity\extensions\redhat.java-1.49.0-win32-x64\server\plugins\org.eclipse.equinox.launcher_1.7.100.v20251111-0406.jar -configuration c:\Users\91834\AppData\Roaming\Antigravity\User\globalStorage\redhat.java\1.49.0\config_win -data c:\Users\91834\AppData\Roaming\Antigravity\User\workspaceStorage\d30b025f60f257c451756037ad4f8bb1\redhat.java\jdt_ws --pipe=\\.\pipe\lsp-81141af102c227e97a338986d6be42cc-sock
java_class_path (initial): c:\Users\91834\.antigravity\extensions\redhat.java-1.49.0-win32-x64\server\plugins\org.eclipse.equinox.launcher_1.7.100.v20251111-0406.jar
Launcher Type: SUN_STANDARD

[Global flags]
    uintx AdaptiveSizePolicyWeight                 = 90                                        {product} {command line}
     intx CICompilerCount                          = 3                                         {product} {ergonomic}
    uintx GCTimeRatio                              = 4                                         {product} {command line}
     bool HeapDumpOnOutOfMemoryError               = true                                   {manageable} {command line}
    ccstr HeapDumpPath                             = c:\Users\91834\AppData\Roaming\Antigravity\User\workspaceStorage\d30b025f60f257c451756037ad4f8bb1\redhat.java         {manageable} {command line}
   size_t InitialHeapSize                          = 104857600                                 {product} {command line}
   size_t MaxHeapSize                              = 2147483648                                {product} {command line}
   size_t MaxNewSize                               = 715653120                                 {product} {ergonomic}
   size_t MinHeapDeltaBytes                        = 524288                                    {product} {ergonomic}
   size_t MinHeapSize                              = 104857600                                 {product} {command line}
   size_t NewSize                                  = 34603008                                  {product} {ergonomic}
    uintx NonNMethodCodeHeapSize                   = 5832780                                {pd product} {ergonomic}
    uintx NonProfiledCodeHeapSize                  = 122912730                              {pd product} {ergonomic}
   size_t OldSize                                  = 70254592                                  {product} {ergonomic}
    uintx ProfiledCodeHeapSize                     = 122912730                              {pd product} {ergonomic}
    uintx ReservedCodeCacheSize                    = 251658240                              {pd product} {ergonomic}
     bool SegmentedCodeCache                       = true                                      {product} {ergonomic}
   size_t SoftMaxHeapSize                          = 2147483648                             {manageable} {ergonomic}
     bool UseCompressedOops                        = true                           {product lp64_product} {ergonomic}
     bool UseLargePagesIndividualAllocation        = false                                  {pd product} {ergonomic}
     bool UseParallelGC                            = true                                      {product} {command line}

Logging:
Log output configuration:
 #0: stdout all=off uptime,level,tags foldmultilines=false
 #1: stderr all=off uptime,level,tags foldmultilines=false

Release file:
JAVA_VERSION="21.0.9" 
MODULES="java.base java.compiler java.datatransfer java.xml java.prefs java.desktop java.instrument java.logging java.management java.security.sasl java.naming java.rmi java.management.rmi java.net.http java.scripting java.security.jgss java.transaction.xa java.sql java.sql.rowset java.xml.crypto java.se java.smartcardio jdk.accessibility jdk.internal.jvmstat jdk.attach jdk.charsets jdk.internal.opt jdk.zipfs jdk.compiler jdk.crypto.ec jdk.crypto.cryptoki jdk.crypto.mscapi jdk.dynalink jdk.internal.ed jdk.editpad jdk.hotspot.agent jdk.httpserver jdk.internal.le jdk.internal.vm.ci jdk.internal.vm.compiler jdk.internal.vm.compiler.management jdk.jartool jdk.javadoc jdk.jcmd jdk.management jdk.management.agent jdk.jconsole jdk.jdeps jdk.jdwp.agent jdk.jdi jdk.jfr jdk.jshell jdk.jsobject jdk.jstatd jdk.localedata jdk.management.jfr jdk.naming.dns jdk.naming.rmi jdk.net jdk.nio.mapmode jdk.random jdk.sctp jdk.security.auth jdk.security.jgss jdk.unsupported jdk.unsupported.desktop jdk.xml.dom" 

Environment Variables:
JAVA_HOME=C:\Program Files\Java\jdk-18.0.2
PATH=C:\Program Files\Common Files\Oracle\Java\javapath;C:\WINDOWS\system32;C:\WINDOWS;C:\WINDOWS\System32\Wbem;C:\WINDOWS\System32\WindowsPowerShell\v1.0\;C:\WINDOWS\System32\OpenSSH\;C:\Program Files\Java\jdk-18.0.2\bin;C:\MinGW\bin;C:\Program Files\MongoDB\Server\8.0\bin;%NVM_HOME%;%NVM_SYMLINK%;C:\Program Files\nodejs\;C:\Program Files\Git\cmd;C:\Program Files\MySQL\MySQL Shell 8.0\bin\;C:\Users\91834\AppData\Local\Programs\Python\Python312\Scripts\;C:\Users\91834\AppData\Local\Programs\Python\Python312\;C:\Users\91834\AppData\Local\Microsoft\WindowsApps;C:\Program Files\JetBrains\IntelliJ IDEA Community Edition 2022.2\bin;C:\Users\91834\AppData\Local\Programs\Microsoft VS Code\bin;C:\Users\91834\AppData\Local\Programs\Windsurf\bin;C:\Users\91834\AppData\Local\nvm;C:\nvm4w\nodejs;C:\Users\91834\AppData\Roaming\npm;C:\Users\91834\AppData\Local\Programs\cursor\resources\app\bin;C:\Users\91834\AppData\Local\Programs\Antigravity\bin
USERNAME=91834
OS=Windows_NT
PROCESSOR_IDENTIFIER=Intel64 Family 6 Model 140 Stepping 1, GenuineIntel
TMP=C:\Users\91834\AppData\Local\Temp
TEMP=C:\Users\91834\AppData\Local\Temp




Periodic native trim disabled

---------------  S Y S T E M  ---------------

OS:
 Windows 11 , 64 bit Build 26100 (10.0.26100.7019)
OS uptime: 0 days 1:31 hours

CPU: total 4 (initial active 4) (2 cores per cpu, 2 threads per core) family 6 model 140 stepping 1 microcode 0x8a, cx8, cmov, fxsr, ht, mmx, 3dnowpref, sse, sse2, sse3, ssse3, sse4.1, sse4.2, popcnt, lzcnt, tsc, tscinvbit, avx, avx2, aes, erms, clmul, bmi1, bmi2, adx, avx512f, avx512dq, avx512cd, avx512bw, avx512vl, sha, fma, vzeroupper, avx512_vpopcntdq, avx512_vpclmulqdq, avx512_vaes, avx512_vnni, clflush, clflushopt, clwb, avx512_vbmi2, avx512_vbmi, rdtscp, rdpid, fsrm, gfni, avx512_bitalg, f16c, pku, cet_ibt, cet_ss, avx512_ifma
Processor Information for processor 0
  Max Mhz: 2995, Current Mhz: 998, Mhz Limit: 2995
Processor Information for processor 1
  Max Mhz: 2995, Current Mhz: 2995, Mhz Limit: 2995
Processor Information for processor 2
  Max Mhz: 2995, Current Mhz: 2995, Mhz Limit: 2995
Processor Information for processor 3
  Max Mhz: 2995, Current Mhz: 2995, Mhz Limit: 2995

Memory: 4k page, system-wide physical 7975M (920M free)
TotalPageFile size 14567M (AvailPageFile size 77M)
current process WorkingSet (physical memory assigned to process): 19M, peak: 428M
current process commit charge ("private bytes"): 491M, peak: 495M

vm_info: OpenJDK 64-Bit Server VM (21.0.9+10-LTS) for windows-amd64 JRE (21.0.9+10-LTS), built on 2025-10-21T00:00:00Z by "admin" with unknown MS VC++:1942

END.
